[2026-04-04T21:55:06.868Z] $ /Users/kakarlapavanteja/Documents/CodingAutomationWebsite/pipeline/venv/bin/python3 Scripts/generate_full_question.py --steps description,codes,titles,difficulty,topics --langs python,cpp,java,nodejs
============================================================
CODE-CENTRIC QUESTION GENERATOR (LEAN WORKFLOW)
============================================================
Selected steps: ['description', 'codes', 'titles', 'difficulty', 'topics']
Selected languages: ['python', 'cpp', 'java', 'nodejs']

📋 Problem: Two Sum (standard)
🎭 Scenario Level: heavy
💻 User Code: solution.py (python)

============================================================
STEP 1: Description Creation
============================================================
✓ Description created and saved to /Users/kakarlapavanteja/Documents/CodingAutomationWebsite/pipeline/problems/6ab80b66-7084-49db-8447-a105a63992d3/Outputs/generated_description.md

⏭ Skipping Step 2: Naming Enforcement

============================================================
STEP 3: Converting to Other Languages
============================================================
  - Converting to C++...
  - Converting to Java...
  - Converting to Node.js...

============================================================
STEP 4: Finalizing Solutions
============================================================
✓ Solutions saved to /Users/kakarlapavanteja/Documents/CodingAutomationWebsite/pipeline/problems/6ab80b66-7084-49db-8447-a105a63992d3/Outputs/generatedFullCode

============================================================
STEP 5a: Generating Titles
============================================================
✓ Titles generated

============================================================
STEP 5b: Generating Difficulty
============================================================
✓ Difficulty generated

============================================================
STEP 6: Generating Topics
============================================================
Warning: /Users/kakarlapavanteja/Documents/CodingAutomationWebsite/pipeline/problems/6ab80b66-7084-49db-8447-a105a63992d3/Inputs/topics_list.txt not found. Skipping topic generation.

============================================================
✅ SUCCESS! Generation completed.
============================================================

[2026-04-04T21:56:50.809Z] Process exited with code 0
