[2026-04-04T22:41:39.430Z] Starting split_code...
============================================================
CODE SPLITTER & WRAPPER GENERATOR
============================================================
Selected languages: ['python', 'cpp', 'java', 'nodejs']

Processing Python...
  -> Saved default.py
  -> Saved solution.py
  -> Saved driver.py
  -> Saved debugger.py

Processing C++...
  -> Saved default.cpp
  -> Saved solution.cpp
  -> Saved driver.cpp
  -> Saved debugger.cpp

Processing Java...
  -> Saved default.java
  -> Saved solution.java
  -> Saved driver.java
  -> Saved debugger.java

Processing Node.js...
  -> Saved default.js
  -> Saved solution.js
  -> Saved driver.js
  -> Saved debugger.js

✅ Code splitting completed.

[2026-04-04T22:42:14.865Z] Process exited with code 0
