[2026-04-04T22:48:29.223Z] Starting generate_question...
============================================================
CODE-CENTRIC QUESTION GENERATOR (LEAN WORKFLOW)
============================================================
Selected steps: ['description', 'codes', 'titles', 'difficulty', 'topics']
Selected languages: ['python', 'cpp', 'java', 'nodejs']

📋 Problem: Two Sum NonFunctionBased practice (standard)
🎭 Scenario Level: heavy
💻 User Code: solution.py (python)

============================================================
STEP 1: Description Creation
============================================================
✓ Description created and saved to /Users/kakarlapavanteja/Documents/CodingAutomationWebsite/pipeline/problems/2933be21-5be3-4a1f-97f7-39352e09fe30/Outputs/generated_description.md

⏭ Skipping Step 2: Naming Enforcement

============================================================
STEP 3: Converting to Other Languages
============================================================
  - Converting to C++...
  - Converting to Java...
  - Converting to Node.js...

============================================================
STEP 4: Finalizing Solutions
============================================================
✓ Solutions saved to /Users/kakarlapavanteja/Documents/CodingAutomationWebsite/pipeline/problems/2933be21-5be3-4a1f-97f7-39352e09fe30/Outputs/generatedFullCode

============================================================
STEP 5a: Generating Titles
============================================================
✓ Titles generated

============================================================
STEP 5b: Generating Difficulty
============================================================
✓ Difficulty generated

============================================================
STEP 6: Generating Topics
============================================================
✓ Topics generated and saved to /Users/kakarlapavanteja/Documents/CodingAutomationWebsite/pipeline/problems/2933be21-5be3-4a1f-97f7-39352e09fe30/Outputs/generated_topics.json

============================================================
✅ SUCCESS! Generation completed.
============================================================

[2026-04-04T22:50:08.860Z] Process exited with code 0
