[2026-04-04T22:05:02.359Z] $ /Users/kakarlapavanteja/Documents/CodingAutomationWebsite/pipeline/venv/bin/python3 Scripts/code_splitter.py --langs python,cpp,java,nodejs
============================================================
CODE SPLITTER & WRAPPER GENERATOR
============================================================
Selected languages: ['python', 'cpp', 'java', 'nodejs']

Processing Python...
  -> Saved default.py
  -> Saved solution.py
  -> Saved driver.py
  -> Saved debugger.py

Processing C++...
  -> Saved default.cpp
  -> Saved solution.cpp
  -> Saved driver.cpp
  -> Saved debugger.cpp

Processing Java...
  -> Saved default.java
  -> Saved solution.java
  -> Saved driver.java
  -> Saved debugger.java

Processing Node.js...
  -> Saved default.js
  -> Saved solution.js
  -> Saved driver.js
  -> Saved debugger.js

✅ Code splitting completed.

[2026-04-04T22:05:40.113Z] Process exited with code 0
